// Jest Snapshot v1, https://goo.gl/fbAQLP

exports[`OutlineButton tests should render correctly 1`] = `
<div>
  <button
    class="c5-btn default"
  >
    hello
  </button>
</div>
`;
